// Jest Snapshot v1, https://goo.gl/fbAQLP

exports[`error boundary component snapshot test 1`] = `<div />`;
