// Jest Snapshot v1, https://goo.gl/fbAQLP

exports[`spinner component snapshot test 1`] = `
<div
  className="spinner-main-container"
>
  <div
    aria-label="book-loader"
    className="spinner-style spinner-animation"
  >
    <span />
  </div>
</div>
`;
